[train] device = cuda
[train] task 1: final epoch mean loss = 0.0325
[eval] after task 1, task 1 test accuracy = 0.9882
[eval] after task 1, task 1 val accuracy = 0.9869
[train] task 2: final epoch mean loss = 0.0413
[eval] after task 2, task 1 test accuracy = 0.1896
[eval] after task 2, task 2 test accuracy = 0.9880
[eval] after task 2, task 1 val accuracy = 0.1879
[eval] after task 2, task 2 val accuracy = 0.9881
[train] task 3: final epoch mean loss = 0.0680
[eval] after task 3, task 1 test accuracy = 0.2464
[eval] after task 3, task 2 test accuracy = 0.0308
[eval] after task 3, task 3 test accuracy = 0.9785
[eval] after task 3, task 1 val accuracy = 0.2462
[eval] after task 3, task 2 val accuracy = 0.0313
[eval] after task 3, task 3 val accuracy = 0.9782
[train] task 4: final epoch mean loss = 0.0414
[eval] after task 4, task 1 test accuracy = 0.2445
[eval] after task 4, task 2 test accuracy = 0.0345
[eval] after task 4, task 3 test accuracy = 0.2415
[eval] after task 4, task 4 test accuracy = 0.9922
[eval] after task 4, task 1 val accuracy = 0.2453
[eval] after task 4, task 2 val accuracy = 0.0350
[eval] after task 4, task 3 val accuracy = 0.2418
[eval] after task 4, task 4 val accuracy = 0.9935
[train] task 5: final epoch mean loss = 0.0050
[eval] after task 5, task 1 test accuracy = 0.2496
[eval] after task 5, task 2 test accuracy = 0.0476
[eval] after task 5, task 3 test accuracy = 0.2339
[eval] after task 5, task 4 test accuracy = 0.2380
[eval] after task 5, task 5 test accuracy = 0.9989
[eval] after task 5, task 1 val accuracy = 0.2497
[eval] after task 5, task 2 val accuracy = 0.0476
[eval] after task 5, task 3 val accuracy = 0.2340
[eval] after task 5, task 4 val accuracy = 0.2368
[eval] after task 5, task 5 val accuracy = 0.9987
[train] task 6: final epoch mean loss = 0.0228
[eval] after task 6, task 1 test accuracy = 0.1289
[eval] after task 6, task 2 test accuracy = 0.0458
[eval] after task 6, task 3 test accuracy = 0.1994
[eval] after task 6, task 4 test accuracy = 0.2091
[eval] after task 6, task 5 test accuracy = 0.1636
[eval] after task 6, task 6 test accuracy = 0.9524
[eval] after task 6, task 1 val accuracy = 0.1254
[eval] after task 6, task 2 val accuracy = 0.0458
[eval] after task 6, task 3 val accuracy = 0.1991
[eval] after task 6, task 4 val accuracy = 0.2086
[eval] after task 6, task 5 val accuracy = 0.1717
[eval] after task 6, task 6 val accuracy = 0.9495
[done] wrote memory_bank.pt, forgetting_matrix.json, and summary.json to runs\no-cap\gnn_finetune_s42_v3
